["\u0007\b\u001b\u001b\f\r\t\u000b\\","\u0007\b\u001b\u001b\f\r\t\u000b\\"]
